// Jest Snapshot v1, https://goo.gl/fbAQLP

exports[`Env.getInt() should expose number properties as numbers or null 1`] = `
Array [
  0,
  0,
  0,
]
`;

exports[`Env.getString() should expose string properties as strings of null 1`] = `
Array [
  0,
  0,
  0,
]
`;
